config_version: 2
name: famous_condor
dataplaneapi:
  host: 0.0.0.0
  port: 8080
  advertised:
    api_address: ""
    api_port: 0
  userlist:
    userlist_file: /etc/haproxy/userlist.cfg
  user:
  - name: admin
    insecure: false
    password: adminpwd
  resources:
    maps_dir: /etc/haproxy/maps
    ssl_certs_dir: /etc/haproxy/ssl
    general_storage_dir: /etc/haproxy/general
    dataplane_storage_dir: /etc/haproxy/dataplane
    waf_dir: /etc/haproxy/waf
    spoe_dir: /etc/haproxy/spoe
haproxy:
  config_file: /etc/haproxy/haproxy.cfg
  haproxy_bin: /usr/local/sbin/haproxy
  reload:
    reload_cmd: kill -s 12 1
    restart_cmd: kill -s 12 1
    status_cmd: pgrep haproxy
    start_cmd: "true"
    stop_cmd: "false"
    reload_strategy: custom
keepalived:
  config_file: /dev/null
  start_cmd: /bin/true
  reload_cmd: /bin/true
  restart_cmd: /bin/false
  stop_cmd: /bin/true
  status_cmd: /bin/true
  validate_cmd: null
  reload_delay: null
  transaction_dir: null
  backups_dir: null
  backups_number: null
log:
  log_to: file
  log_file: /var/log/dataplaneapi.log
  log_level: debug
